Microchip MPLAB XC8 Compiler V2.41

Linker command line:

-W-3 \
  --edf=C:\Program Files\Microchip\xc8\v2.41\pic\dat\20230208172133_en.msgs \
  -cn -h+dist/default/production\Clock__LCD_Interrupts.X.production.sym \
  --cmf=dist/default/production\Clock__LCD_Interrupts.X.production.cmf -z \
  -Q18F4620 -oC:\Users\hp\AppData\Local\Temp\xcBsj1c.1\driver_tmp_3.o \
  --defsym=__MPLAB_BUILD=1 --fixupoverflow=error \
  -Mdist/default/production/Clock__LCD_Interrupts.X.production.map \
  --md=C:\Users\hp\AppData\Local\Temp\xcBsj1c.1\driver_tmp_0.dat -E1 \
  -ver=XC8 Compiler --acfsm=1493 -ACODE=00h-0FFFFh -ACONST=00h-0FFFFh \
  -ASMALLCONST=01000h-010FFhx240 -AMEDIUMCONST=01000h-0FFFFh \
  -ACOMRAM=01h-07Fh -AABS1=00h-0F7Fh -ABIGRAM=01h-0F7Fh \
  -ARAM=080h-0FFh,0100h-01FFhx14,0F00h-0F7Fh -ABANK0=080h-0FFh \
  -ABANK1=0100h-01FFh -ABANK2=0200h-02FFh -ABANK3=0300h-03FFh \
  -ABANK4=0400h-04FFh -ABANK5=0500h-05FFh -ABANK6=0600h-06FFh \
  -ABANK7=0700h-07FFh -ABANK8=0800h-08FFh -ABANK9=0900h-09FFh \
  -ABANK10=0A00h-0AFFh -ABANK11=0B00h-0BFFh -ABANK12=0C00h-0CFFh \
  -ABANK13=0D00h-0DFFh -ABANK14=0E00h-0EFFh -ABANK15=0F00h-0F7Fh \
  -ASFR=0F80h-0FFFh -ABIGSFR=0F80h-0FFFh -ACONFIG=0300000h-030000Dh \
  -AIDLOC=0200000h-0200007h -AEEDATA=0F00000h-0F003FFh -peeprom_data=EEDATA \
  -preset_vec=00h,intcode=08h,intcodelo,powerup,init -pramtop=01000h \
  -psmallconst=SMALLCONST -pmediumconst=MEDIUMCONST -pconst=CONST \
  -AFARRAM=00h-00h \
  -prdata=COMRAM,nvrram=COMRAM,nvbit=COMRAM,rbss=COMRAM,rbit=COMRAM \
  -pfarbss=FARRAM,fardata=FARRAM,nvFARRAM=FARRAM \
  -pintsave_regs=BIGRAM,bigbss=BIGRAM,bigdata=BIGRAM -pbss=RAM \
  -pidata=CODE,irdata=CODE,ibigdata=CODE,ifardata=CODE -prparam=COMRAM \
  C:\Users\hp\AppData\Local\Temp\xcBsj1c.1\driver_tmp_14.o \
  dist/default/production\Clock__LCD_Interrupts.X.production.o 

Object code version is 3.11

Machine type is 18F4620



                Name                               Link     Load   Length Selector   Space Scale
C:\Users\hp\AppData\Local\Temp\xcBsj1c.1\driver_tmp_14.o
                idloc                            200000   200000        8        0       5
                config                           300000   300000        E        0       4
                init                                  E        E        4        4       0
                reset_vec                             0        0        4        0       0
dist/default/production\Clock__LCD_Interrupts.X.production.o
                intcode                               8        8        6        4       0
                idloc                            200000   200000        8        0       5
                config                           300000   300000        E        0       4
                temp                                 5A       5A        1        1       1
                smallconst                         1000     1000       4A      800       0
                text54                             4E94     4E94        A      825       0
                text53                             2EEA     2EEA      39A      825       0
                text52                             4622     4622       AA      825       0
                text51                             3D44     3D44      104      825       0
                text50                             364E     364E      1B4      825       0
                text49                             4D70     4D70       32      825       0
                text48                             3F46     3F46       E6      825       0
                text47                             4362     4362       B8      825       0
                intcode_body                       4DD2     4DD2       30      825       0
                text45                             4E28     4E28       24      825       0
                text44                             4E88     4E88        C      825       0
                text43                             4DA2     4DA2       30      825       0
                text42                             4D3E     4D3E       32      825       0
                text41                             4C9A     4C9A       3A      825       0
                text40                             4E4C     4E4C       22      825       0
                text39                             4A00     4A00       54      825       0
                text38                             48D6     48D6       6C      825       0
                text37                             47E6     47E6       7E      825       0
                text36                             4766     4766       80      825       0
                text35                             4D0C     4D0C       32      825       0
                text34                             2B4E     2B4E      39C      825       0
                text33                             1F42     1F42      42C      825       0
                text32                             349A     349A      1B4      825       0
                text31                             4BD6     4BD6       44      825       0
                text30                             46CC     46CC       9A      825       0
                text29                             4E6E     4E6E       1A      825       0
                text28                             429E     429E       C4      825       0
                text27                             441A     441A       B0      825       0
                text26                             4C5A     4C5A       40      825       0
                text25                             4EAA     4EAA        2     2755       0
                text24                             41D4     41D4       CA      825       0
                text23                             4B8E     4B8E       48      825       0
                text22                             44CA     44CA       AE      825       0
                text21                             399E     399E      19A      825       0
                text20                             4578     4578       AA      825       0
                text19                             3C3E     3C3E      106      825       0
                text18                             4CD4     4CD4       38      825       0
                text17                             1A80     1A80      4C2      825       0
                text16                             4B46     4B46       48      825       0
                text15                             3B38     3B38      106      825       0
                text14                             3E48     3E48       FE      825       0
                text13                             3284     3284      216      825       0
                text12                             4942     4942       66      825       0
                text11                             4AF6     4AF6       50      825       0
                text10                             4C1A     4C1A       40      825       0
                text9                              104A     104A      A36      825       0
                text8                              4E02     4E02       26      825       0
                text7                              410A     410A       CA      825       0
                text6                              4AA6     4AA6       50      825       0
                text5                              3802     3802      19C      825       0
                text4                              402C     402C       DE      825       0
                text3                              236E     236E      41E      825       0
                text2                              4A54     4A54       52      825       0
                text1                              49A8     49A8       58      825       0
                text0                              278C     278C      3C2      825       0
                cstackCOMRAM                          1        1       33        1       1
                cstackBANK0                          80       80       70       80       1
                cstackBANK1                         100      100       66      100       1
                dataBANK1                           1CB      1CB        7      100       1
                bssBANK1                            166      166       65      100       1
                bssBANK0                             F0       F0        8       80       1
                dataCOMRAM                           56       56        4        1       1
                bssCOMRAM                            34       34       22        1       1
                cinit                              4864     4864       72      825       0
                idataBANK1                         4E9E     4E9E        7      825       0
                idataCOMRAM                        4EA5     4EA5        4      825       0

TOTAL           Name                               Link     Load   Length     Space
        CLASS   CODE           
                intcode                               8        8        6         0
                init                                  E        E        4         0
                reset_vec                             0        0        4         0
                text54                             4E94     4E94        A         0
                text53                             2EEA     2EEA      39A         0
                text52                             4622     4622       AA         0
                text51                             3D44     3D44      104         0
                text50                             364E     364E      1B4         0
                text49                             4D70     4D70       32         0
                text48                             3F46     3F46       E6         0
                text47                             4362     4362       B8         0
                intcode_body                       4DD2     4DD2       30         0
                text45                             4E28     4E28       24         0
                text44                             4E88     4E88        C         0
                text43                             4DA2     4DA2       30         0
                text42                             4D3E     4D3E       32         0
                text41                             4C9A     4C9A       3A         0
                text40                             4E4C     4E4C       22         0
                text39                             4A00     4A00       54         0
                text38                             48D6     48D6       6C         0
                text37                             47E6     47E6       7E         0
                text36                             4766     4766       80         0
                text35                             4D0C     4D0C       32         0
                text34                             2B4E     2B4E      39C         0
                text33                             1F42     1F42      42C         0
                text32                             349A     349A      1B4         0
                text31                             4BD6     4BD6       44         0
                text30                             46CC     46CC       9A         0
                text29                             4E6E     4E6E       1A         0
                text28                             429E     429E       C4         0
                text27                             441A     441A       B0         0
                text26                             4C5A     4C5A       40         0
                text25                             4EAA     4EAA        2         0
                text24                             41D4     41D4       CA         0
                text23                             4B8E     4B8E       48         0
                text22                             44CA     44CA       AE         0
                text21                             399E     399E      19A         0
                text20                             4578     4578       AA         0
                text19                             3C3E     3C3E      106         0
                text18                             4CD4     4CD4       38         0
                text17                             1A80     1A80      4C2         0
                text16                             4B46     4B46       48         0
                text15                             3B38     3B38      106         0
                text14                             3E48     3E48       FE         0
                text13                             3284     3284      216         0
                text12                             4942     4942       66         0
                text11                             4AF6     4AF6       50         0
                text10                             4C1A     4C1A       40         0
                text9                              104A     104A      A36         0
                text8                              4E02     4E02       26         0
                text7                              410A     410A       CA         0
                text6                              4AA6     4AA6       50         0
                text5                              3802     3802      19C         0
                text4                              402C     402C       DE         0
                text3                              236E     236E      41E         0
                text2                              4A54     4A54       52         0
                text1                              49A8     49A8       58         0
                text0                              278C     278C      3C2         0
                cinit                              4864     4864       72         0
                idataBANK1                         4E9E     4E9E        7         0
                idataCOMRAM                        4EA5     4EA5        4         0

        CLASS   CONST          

        CLASS   SMALLCONST     
                smallconst                         1000     1000       4A         0

        CLASS   MEDIUMCONST    

        CLASS   COMRAM         
                temp                                 5A       5A        1         1
                cstackCOMRAM                          1        1       33         1
                dataCOMRAM                           56       56        4         1
                bssCOMRAM                            34       34       22         1

        CLASS   ABS1           

        CLASS   BIGRAM         

        CLASS   RAM            

        CLASS   BANK0          
                cstackBANK0                          80       80       70         1
                bssBANK0                             F0       F0        8         1

        CLASS   BANK1          
                cstackBANK1                         100      100       66         1
                dataBANK1                           1CB      1CB        7         1
                bssBANK1                            166      166       65         1

        CLASS   BANK2          

        CLASS   BANK3          

        CLASS   BANK4          

        CLASS   BANK5          

        CLASS   BANK6          

        CLASS   BANK7          

        CLASS   BANK8          

        CLASS   BANK9          

        CLASS   BANK10         

        CLASS   BANK11         

        CLASS   BANK12         

        CLASS   BANK13         

        CLASS   BANK14         

        CLASS   BANK15         

        CLASS   SFR            

        CLASS   BIGSFR         

        CLASS   CONFIG         
                config                           300000   300000        E         4

        CLASS   IDLOC          
                idloc                            200000   200000        8         5

        CLASS   EEDATA         

        CLASS   FARRAM         

        CLASS   HEAP           

        CLASS   STACK          



SEGMENTS        Name                           Load    Length   Top    Selector   Space  Class

                reset_vec                      000000  000004  000004         0       0  CODE    
                cstackCOMRAM                   000001  00005A  00005B         1       1  COMRAM  
                intcode                        000008  00000A  000012         4       0  CODE    
                cstackBANK0                    000080  000078  0000F8        80       1  BANK0   
                cstackBANK1                    000100  0000D2  0001D2       100       1  BANK1   
                smallconst                     001000  00004A  00104A       800       0  SMALLCON
                text9                          00104A  003E5F  004EA9       825       0  CODE    
                text25                         004EAA  000002  004EAC      2755       0  CODE    


UNUSED ADDRESS RANGES

        Name                Unused          Largest block    Delta
        BANK0            0000F8-0000FF                8
        BANK1            0001D2-0001FF               2E
        BANK10           000A00-000AFF              100
        BANK11           000B00-000BFF              100
        BANK12           000C00-000CFF              100
        BANK13           000D00-000DFF              100
        BANK14           000E00-000EFF              100
        BANK15           000F00-000F7F               80
        BANK2            000200-0002FF              100
        BANK3            000300-0003FF              100
        BANK4            000400-0004FF              100
        BANK5            000500-0005FF              100
        BANK6            000600-0006FF              100
        BANK7            000700-0007FF              100
        BANK8            000800-0008FF              100
        BANK9            000900-0009FF              100
        BIGRAM           00005B-00007F               25
                         0000F8-0000FF                8
                         0001D2-000F7F              DAE
        BIGSFR           000F80-000FFF               80
        CODE             000004-000007                4
                         000012-000FFF              FEE
                         004EA9-004EA9                1
                         004EAC-00FFFF             B154
        COMRAM           00005B-00007F               25
        CONST            000004-000007                4
                         000012-000FFF              FEE
                         004EA9-004EA9                1
                         004EAC-00FFFF             B154
        EEDATA           F00000-F003FF              400
        MEDIUMCONST      004EA9-004EA9                1
                         004EAC-00FFFF             B154
        RAM              0000F8-0000FF                8
                         0001D2-000F7F              100
        SFR              000F80-000FFF               80
        SMALLCONST       004EA9-004EA9                1
                         004EAC-00FFFF              100

                                  Symbol Table

?___awdiv                     cstackCOMRAM 000026
?___awmod                     cstackCOMRAM 000026
?___fladd                     cstackCOMRAM 000026
?___fldiv                     cstackBANK0  000099
?___flmul                     cstackBANK0  000080
?___flneg                     cstackCOMRAM 000026
?___flsub                     cstackBANK0  000099
?___fltol                     cstackCOMRAM 000026
?___fpclassifyf               cstackCOMRAM 000026
?___wmul                      cstackCOMRAM 000026
?___xxtofl                    cstackCOMRAM 000026
?_abs                         cstackCOMRAM 00002C
?_floorf                      cstackBANK0  0000B2
?_labs                        cstackCOMRAM 000026
?_read_adc_raw_no_lib         cstackCOMRAM 000026
?_read_adc_voltage            cstackBANK0  0000B2
?_read_prec_or_width          cstackCOMRAM 00002C
?_sprintf                     cstackBANK0  0000E8
?_strlen                      cstackCOMRAM 000026
?_strncmp                     cstackCOMRAM 000026
?_vfprintf                    cstackBANK0  0000E0
?i2___fldiv                   cstackCOMRAM 000001
?i2___xxtofl                  cstackCOMRAM 000001
_ADCON0                       (abs)        000FC2
_ADCON0bits                   (abs)        000FC2
_ADCON1                       (abs)        000FC1
_ADCON2                       (abs)        000FC0
_ADRESH                       (abs)        000FC4
_ADRESL                       (abs)        000FC3
_BAUDCONbits                  (abs)        000FB8
_H                            bssCOMRAM    000046
_INTCON2                      (abs)        000FF1
_INTCON2bits                  (abs)        000FF1
_INTCON3                      (abs)        000FF0
_INTCON3bits                  (abs)        000FF0
_INTCONbits                   (abs)        000FF2
_LCD_INIT_STRING              dataCOMRAM   000056
_PIR1bits                     (abs)        000F9E
_PIR2bits                     (abs)        000FA1
_PORTBbits                    (abs)        000F81
_PORTCbits                    (abs)        000F82
_PORTEbits                    (abs)        000F84
_Percent_Heat_Counter         bssCOMRAM    000038
_RCONbits                     (abs)        000FD0
_RCREG                        (abs)        000FAE
_RCSTA                        (abs)        000FAB
_RCSTAbits                    (abs)        000FAB
_SPBRG                        (abs)        000FAF
_SPBRGH                       (abs)        000FB0
_T0CON                        (abs)        000FD5
_T0CONbits                    (abs)        000FD5
_T1CONbits                    (abs)        000FCD
_T3CONbits                    (abs)        000FB1
_TMR0H                        (abs)        000FD7
_TMR0L                        (abs)        000FD6
_TMR3H                        (abs)        000FB3
_TMR3L                        (abs)        000FB2
_TRISA                        (abs)        000F92
_TRISB                        (abs)        000F93
_TRISC                        (abs)        000F94
_TRISCbits                    (abs)        000F94
_TRISD                        (abs)        000F95
_TRISE                        (abs)        000F96
_TXREG                        (abs)        000FAD
_TXSTA                        (abs)        000FAC
_TXSTAbits                    (abs)        000FAC
_Timer3_int                   text48       003F46
__HRAM                        (abs)        000000
__H__absolute__               __absolute__ 000000
__Habs1                       abs1         000000
__Hbank0                      bank0        000000
__Hbank1                      bank1        000000
__Hbank10                     bank10       000000
__Hbank11                     bank11       000000
__Hbank12                     bank12       000000
__Hbank13                     bank13       000000
__Hbank14                     bank14       000000
__Hbank15                     bank15       000000
__Hbank2                      bank2        000000
__Hbank3                      bank3        000000
__Hbank4                      bank4        000000
__Hbank5                      bank5        000000
__Hbank6                      bank6        000000
__Hbank7                      bank7        000000
__Hbank8                      bank8        000000
__Hbank9                      bank9        000000
__Hbigbss                     bigbss       000000
__Hbigdata                    bigdata      000000
__Hbigram                     bigram       000000
__Hbigsfr                     bigsfr       000000
__Hbss                        bss          000000
__HbssBANK0                   bssBANK0     000000
__HbssBANK1                   bssBANK1     000000
__HbssCOMRAM                  bssCOMRAM    000000
__Hcinit                      cinit        000000
__Hclrtext                    clrtext      000000
__Hcomram                     comram       000000
__Hconfig                     config       30000E
__Hconst                      const        000000
__HcstackBANK0                cstackBANK0  000000
__HcstackBANK1                cstackBANK1  000000
__HcstackCOMRAM               cstackCOMRAM 000000
__Hdata                       data         000000
__HdataBANK1                  dataBANK1    000000
__HdataCOMRAM                 dataCOMRAM   000000
__Heeprom_data                eeprom_data  000000
__Hfarbss                     farbss       000000
__Hfardata                    fardata      000000
__Hheap                       heap         000000
__Hibigdata                   ibigdata     000000
__Hidata                      idata        000000
__HidataBANK1                 idataBANK1   000000
__HidataCOMRAM                idataCOMRAM  000000
__Hidloc                      idloc        200008
__Hifardata                   ifardata     000000
__Hinit                       init         000012
__Hintcode                    intcode      00000E
__Hintcode_body               intcode_body 000000
__Hintcodelo                  intcodelo    00000E
__Hintentry                   intentry     000000
__Hintret                     intret       000000
__Hintsave_regs               intsave_regs 000000
__Hirdata                     irdata       000000
__Hmediumconst                mediumconst  000000
__HnvFARRAM                   nvFARRAM     000000
__Hnvbit                      nvbit        000000
__Hnvrram                     nvrram       000000
__Hparam                      rparam       000000
__Hpowerup                    powerup      00000E
__Hram                        ram          000000
__Hramtop                     ramtop       001000
__Hrbit                       rbit         000000
__Hrbss                       rbss         000000
__Hrdata                      rdata        000000
__Hreset_vec                  reset_vec    000004
__Hrparam                     rparam       000000
__Hsfr                        sfr          000000
__Hsmallconst                 smallconst   00104A
__Hspace_0                    (abs)        004EAC
__Hspace_1                    (abs)        0001D2
__Hspace_2                    (abs)        000000
__Hspace_4                    (abs)        60000E
__Hstack                      stack        000000
__Hstruct                     struct       000000
__Htemp                       temp         00005B
__Htext                       text         000000
__Htext0                      text0        000000
__Htext1                      text1        000000
__Htext10                     text10       000000
__Htext11                     text11       000000
__Htext12                     text12       000000
__Htext13                     text13       000000
__Htext14                     text14       000000
__Htext15                     text15       000000
__Htext16                     text16       000000
__Htext17                     text17       000000
__Htext18                     text18       000000
__Htext19                     text19       000000
__Htext2                      text2        000000
__Htext20                     text20       000000
__Htext21                     text21       000000
__Htext22                     text22       000000
__Htext23                     text23       000000
__Htext24                     text24       000000
__Htext25                     text25       000000
__Htext26                     text26       000000
__Htext27                     text27       000000
__Htext28                     text28       000000
__Htext29                     text29       000000
__Htext3                      text3        000000
__Htext30                     text30       000000
__Htext31                     text31       000000
__Htext32                     text32       000000
__Htext33                     text33       000000
__Htext34                     text34       000000
__Htext35                     text35       000000
__Htext36                     text36       000000
__Htext37                     text37       000000
__Htext38                     text38       000000
__Htext39                     text39       000000
__Htext4                      text4        000000
__Htext40                     text40       000000
__Htext41                     text41       000000
__Htext42                     text42       000000
__Htext43                     text43       000000
__Htext44                     text44       000000
__Htext45                     text45       000000
__Htext47                     text47       000000
__Htext48                     text48       000000
__Htext49                     text49       000000
__Htext5                      text5        000000
__Htext50                     text50       000000
__Htext51                     text51       000000
__Htext52                     text52       000000
__Htext53                     text53       000000
__Htext54                     text54       000000
__Htext6                      text6        000000
__Htext7                      text7        000000
__Htext8                      text8        000000
__Htext9                      text9        000000
__LRAM                        (abs)        000001
__L__absolute__               __absolute__ 000000
__Labs1                       abs1         000000
__Lbank0                      bank0        000000
__Lbank1                      bank1        000000
__Lbank10                     bank10       000000
__Lbank11                     bank11       000000
__Lbank12                     bank12       000000
__Lbank13                     bank13       000000
__Lbank14                     bank14       000000
__Lbank15                     bank15       000000
__Lbank2                      bank2        000000
__Lbank3                      bank3        000000
__Lbank4                      bank4        000000
__Lbank5                      bank5        000000
__Lbank6                      bank6        000000
__Lbank7                      bank7        000000
__Lbank8                      bank8        000000
__Lbank9                      bank9        000000
__Lbigbss                     bigbss       000000
__Lbigdata                    bigdata      000000
__Lbigram                     bigram       000000
__Lbigsfr                     bigsfr       000000
__Lbss                        bss          000000
__LbssBANK0                   bssBANK0     000000
__LbssBANK1                   bssBANK1     000000
__LbssCOMRAM                  bssCOMRAM    000000
__Lcinit                      cinit        000000
__Lclrtext                    clrtext      000000
__Lcomram                     comram       000000
__Lconfig                     config       000000
__Lconst                      const        000000
__LcstackBANK0                cstackBANK0  000000
__LcstackBANK1                cstackBANK1  000000
__LcstackCOMRAM               cstackCOMRAM 000000
__Ldata                       data         000000
__LdataBANK1                  dataBANK1    000000
__LdataCOMRAM                 dataCOMRAM   000000
__Leeprom_data                eeprom_data  000000
__Lfarbss                     farbss       000000
__Lfardata                    fardata      000000
__Lheap                       heap         000000
__Libigdata                   ibigdata     000000
__Lidata                      idata        000000
__LidataBANK1                 idataBANK1   000000
__LidataCOMRAM                idataCOMRAM  000000
__Lidloc                      idloc        000000
__Lifardata                   ifardata     000000
__Linit                       init         00000E
__Lintcode                    intcode      000008
__Lintcode_body               intcode_body 000000
__Lintcodelo                  intcodelo    00000E
__Lintentry                   intentry     000000
__Lintret                     intret       000000
__Lintsave_regs               intsave_regs 000000
__Lirdata                     irdata       000000
__Lmediumconst                mediumconst  000000
__LnvFARRAM                   nvFARRAM     000000
__Lnvbit                      nvbit        000000
__Lnvrram                     nvrram       000000
__Lparam                      rparam       000000
__Lpowerup                    powerup      00000E
__Lram                        ram          000000
__Lramtop                     ramtop       001000
__Lrbit                       rbit         000000
__Lrbss                       rbss         000000
__Lrdata                      rdata        000000
__Lreset_vec                  reset_vec    000000
__Lrparam                     rparam       000000
__Lsfr                        sfr          000000
__Lsmallconst                 smallconst   001000
__Lspace_0                    (abs)        000000
__Lspace_1                    (abs)        000000
__Lspace_2                    (abs)        000000
__Lspace_4                    (abs)        000000
__Lstack                      stack        000000
__Lstruct                     struct       000000
__Ltemp                       temp         00005A
__Ltext                       text         000000
__Ltext0                      text0        000000
__Ltext1                      text1        000000
__Ltext10                     text10       000000
__Ltext11                     text11       000000
__Ltext12                     text12       000000
__Ltext13                     text13       000000
__Ltext14                     text14       000000
__Ltext15                     text15       000000
__Ltext16                     text16       000000
__Ltext17                     text17       000000
__Ltext18                     text18       000000
__Ltext19                     text19       000000
__Ltext2                      text2        000000
__Ltext20                     text20       000000
__Ltext21                     text21       000000
__Ltext22                     text22       000000
__Ltext23                     text23       000000
__Ltext24                     text24       000000
__Ltext25                     text25       000000
__Ltext26                     text26       000000
__Ltext27                     text27       000000
__Ltext28                     text28       000000
__Ltext29                     text29       000000
__Ltext3                      text3        000000
__Ltext30                     text30       000000
__Ltext31                     text31       000000
__Ltext32                     text32       000000
__Ltext33                     text33       000000
__Ltext34                     text34       000000
__Ltext35                     text35       000000
__Ltext36                     text36       000000
__Ltext37                     text37       000000
__Ltext38                     text38       000000
__Ltext39                     text39       000000
__Ltext4                      text4        000000
__Ltext40                     text40       000000
__Ltext41                     text41       000000
__Ltext42                     text42       000000
__Ltext43                     text43       000000
__Ltext44                     text44       000000
__Ltext45                     text45       000000
__Ltext47                     text47       000000
__Ltext48                     text48       000000
__Ltext49                     text49       000000
__Ltext5                      text5        000000
__Ltext50                     text50       000000
__Ltext51                     text51       000000
__Ltext52                     text52       000000
__Ltext53                     text53       000000
__Ltext54                     text54       000000
__Ltext6                      text6        000000
__Ltext7                      text7        000000
__Ltext8                      text8        000000
__Ltext9                      text9        000000
__S0                          (abs)        004EAC
__S1                          (abs)        0001D2
__S4                          (abs)        000000
__S5                          (abs)        000000
___awdiv                      text28       00429E
___awdiv@counter              cstackCOMRAM 00002A
___awdiv@dividend             cstackCOMRAM 000026
___awdiv@divisor              cstackCOMRAM 000028
___awdiv@quotient             cstackCOMRAM 00002C
___awdiv@sign                 cstackCOMRAM 00002B
___awmod                      text27       00441A
___awmod@counter              cstackCOMRAM 00002A
___awmod@dividend             cstackCOMRAM 000026
___awmod@divisor              cstackCOMRAM 000028
___awmod@sign                 cstackCOMRAM 00002B
___fladd                      text17       001A80
___fladd@a                    cstackCOMRAM 00002A
___fladd@aexp                 cstackBANK0  000081
___fladd@b                    cstackCOMRAM 000026
___fladd@bexp                 cstackBANK0  000082
___fladd@grs                  cstackBANK0  000083
___fladd@signs                cstackBANK0  000080
___fldiv                      text34       002B4E
___fldiv@a                    cstackBANK0  00009D
___fldiv@aexp                 cstackBANK0  0000B1
___fldiv@b                    cstackBANK0  000099
___fldiv@bexp                 cstackBANK0  0000B0
___fldiv@grs                  cstackBANK0  0000AC
___fldiv@new_exp              cstackBANK0  0000AA
___fldiv@rem                  cstackBANK0  0000A5
___fldiv@sign                 cstackBANK0  0000A9
___fleq                       text20       004578
___fleq@ff1                   cstackCOMRAM 000026
___fleq@ff2                   cstackCOMRAM 00002A
___flge                       text19       003C3E
___flge@ff1                   cstackBANK0  000099
___flge@ff2                   cstackBANK0  00009D
___flmul                      text33       001F42
___flmul@a                    cstackBANK0  000084
___flmul@aexp                 cstackBANK0  00008D
___flmul@b                    cstackBANK0  000080
___flmul@bexp                 cstackBANK0  000092
___flmul@grs                  cstackBANK0  00008E
___flmul@prod                 cstackBANK0  000093
___flmul@sign                 cstackBANK0  00008C
___flmul@temp                 cstackBANK0  000097
___flneg                      text18       004CD4
___flneg@f1                   cstackCOMRAM 000026
___flsub                      text16       004B46
___flsub@a                    cstackBANK0  00009D
___flsub@b                    cstackBANK0  000099
___fltol                      text15       003B38
___fltol@exp1                 cstackCOMRAM 00002F
___fltol@f1                   cstackCOMRAM 000026
___fltol@sign1                cstackCOMRAM 00002E
___fpclassifyf                text14       003E48
___fpclassifyf@F465           bssCOMRAM    000034
___fpclassifyf@e              cstackCOMRAM 00002E
___fpclassifyf@u              cstackCOMRAM 000030
___fpclassifyf@x              cstackCOMRAM 000026
___heap_hi                    (abs)        000000
___heap_lo                    (abs)        000000
___inthi_sp                   stack        000000
___intlo_sp                   stack        000000
___param_bank                 (abs)        000000
___rparam_used                (abs)        000001
___sp                         stack        000000
___wmul                       text8        004E02
___wmul@multiplicand          cstackCOMRAM 000028
___wmul@multiplier            cstackCOMRAM 000026
___wmul@product               cstackCOMRAM 00002A
___xxtofl                     text32       00349A
___xxtofl@arg                 cstackCOMRAM 000030
___xxtofl@exp                 cstackCOMRAM 00002F
___xxtofl@sign                cstackCOMRAM 00002E
___xxtofl@val                 cstackCOMRAM 000026
__accesstop                   (abs)        000080
__activetblptr                (abs)        000002
__end_of_Timer3_int           text48       00402C
__end_of___awdiv              text28       004362
__end_of___awmod              text27       0044CA
__end_of___fladd              text17       001F42
__end_of___fldiv              text34       002EEA
__end_of___fleq               text20       004622
__end_of___flge               text19       003D44
__end_of___flmul              text33       00236E
__end_of___flneg              text18       004D0C
__end_of___flsub              text16       004B8E
__end_of___fltol              text15       003C3E
__end_of___fpclassifyf        text14       003F46
__end_of___wmul               text8        004E28
__end_of___xxtofl             text32       00364E
__end_of__initialization      cinit        0048C8
__end_of_abs                  text26       004C9A
__end_of_delay_cycles         text41       004CD4
__end_of_delay_ms             text42       004D70
__end_of_dtoa                 text21       003B38
__end_of_efgtoa               text9        001A80
__end_of_floorf               text13       00349A
__end_of_fputc                text24       00429E
__end_of_fputs                text23       004BD6
__end_of_highIsr              intcode_body 004E02
__end_of_initTimers01         text45       004E4C
__end_of_init_adc_no_lib      text44       004E94
__end_of_initialization       text43       004DD2
__end_of_labs                 text12       0049A8
__end_of_lcd_gotoxy           text37       004864
__end_of_lcd_init             text38       004942
__end_of_lcd_putc             text36       0047E6
__end_of_lcd_puts             text35       004D3E
__end_of_lcd_send_byte        text39       004A54
__end_of_lcd_send_nibble      text40       004E6E
__end_of_main                 text0        002B4E
__end_of_memcpy               text11       004B46
__end_of_modeschange1         text47       00441A
__end_of_pad                  text22       004578
__end_of_putch                text25       004EAC
__end_of_read_adc_raw_no_lib  text31       004C1A
__end_of_read_adc_voltage     text30       004766
__end_of_read_prec_or_width   text7        0041D4
__end_of_reloadTimer3         text54       004E9E
__end_of_setupPorts           text29       004E88
__end_of_sprintf              text1        004A00
__end_of_stoa                 text5        00399E
__end_of_strcpy               text10       004C5A
__end_of_strlen               text6        004AF6
__end_of_strncmp              text4        00410A
__end_of_vfpfcnvrt            text3        00278C
__end_of_vfprintf             text2        004AA6
__end_ofi2___fldiv            text53       003284
__end_ofi2___fleq             text52       0046CC
__end_ofi2___flge             text51       003E48
__end_ofi2___xxtofl           text50       003802
__end_ofi2_delay_ms           text49       004DA2
__initialization              cinit        004864
__mediumconst                 mediumconst  000000
__pbssBANK0                   bssBANK0     0000F0
__pbssBANK1                   bssBANK1     000166
__pbssCOMRAM                  bssCOMRAM    000034
__pcinit                      cinit        004864
__pcstackBANK0                cstackBANK0  000080
__pcstackBANK1                cstackBANK1  000100
__pcstackCOMRAM               cstackCOMRAM 000001
__pdataBANK1                  dataBANK1    0001CB
__pdataCOMRAM                 dataCOMRAM   000056
__pidataBANK1                 idataBANK1   004E9E
__pidataCOMRAM                idataCOMRAM  004EA5
__pintcode                    intcode      000008
__pintcode_body               intcode_body 004DD2
__psmallconst                 smallconst   001000
__ptext0                      text0        00278C
__ptext1                      text1        0049A8
__ptext10                     text10       004C1A
__ptext11                     text11       004AF6
__ptext12                     text12       004942
__ptext13                     text13       003284
__ptext14                     text14       003E48
__ptext15                     text15       003B38
__ptext16                     text16       004B46
__ptext17                     text17       001A80
__ptext18                     text18       004CD4
__ptext19                     text19       003C3E
__ptext2                      text2        004A54
__ptext20                     text20       004578
__ptext21                     text21       00399E
__ptext22                     text22       0044CA
__ptext23                     text23       004B8E
__ptext24                     text24       0041D4
__ptext25                     text25       004EAA
__ptext26                     text26       004C5A
__ptext27                     text27       00441A
__ptext28                     text28       00429E
__ptext29                     text29       004E6E
__ptext3                      text3        00236E
__ptext30                     text30       0046CC
__ptext31                     text31       004BD6
__ptext32                     text32       00349A
__ptext33                     text33       001F42
__ptext34                     text34       002B4E
__ptext35                     text35       004D0C
__ptext36                     text36       004766
__ptext37                     text37       0047E6
__ptext38                     text38       0048D6
__ptext39                     text39       004A00
__ptext4                      text4        00402C
__ptext40                     text40       004E4C
__ptext41                     text41       004C9A
__ptext42                     text42       004D3E
__ptext43                     text43       004DA2
__ptext44                     text44       004E88
__ptext45                     text45       004E28
__ptext47                     text47       004362
__ptext48                     text48       003F46
__ptext49                     text49       004D70
__ptext5                      text5        003802
__ptext50                     text50       00364E
__ptext51                     text51       003D44
__ptext52                     text52       004622
__ptext53                     text53       002EEA
__ptext54                     text54       004E94
__ptext6                      text6        004AA6
__ptext7                      text7        00410A
__ptext8                      text8        004E02
__ptext9                      text9        00104A
__ramtop                      ramtop       001000
__smallconst                  smallconst   001000
_a0                           bssCOMRAM    00003C
_a1                           bssBANK0     0000F4
_abs                          text26       004C5A
_cooler                       bssCOMRAM    000048
_dbuf                         bssBANK1     000177
_delay_cycles                 text41       004C9A
_delay_ms                     text42       004D3E
_dtoa                         text21       00399E
_dtoa$1805                    cstackBANK0  000091
_efgtoa                       text9        00104A
_efgtoa$1836                  cstackBANK1  000106
_flags                        bssCOMRAM    000054
_floorf                       text13       003284
_fputc                        text24       0041D4
_fputs                        text23       004B8E
_heater                       bssCOMRAM    00004A
_highIsr                      intcode      000008
_hours                        bssCOMRAM    00004E
_initTimers01                 text45       004E28
_init_adc_no_lib              text44       004E88
_initialization               text43       004DA2
_labs                         text12       004942
_lcd                          (abs)        000F83
_lcd_gotoxy                   text37       0047E6
_lcd_init                     text38       0048D6
_lcd_putc                     text36       004766
_lcd_puts                     text35       004D0C
_lcd_send_byte                text39       004A00
_lcd_send_nibble              text40       004E4C
_main                         text0        00278C
_main$737                     cstackBANK1  00015A
_main$738                     cstackBANK1  00015C
_main$739                     cstackBANK1  00015E
_main$740                     cstackBANK1  000160
_main$741                     cstackBANK1  000162
_main$742                     cstackBANK1  000164
_memcpy                       text11       004AF6
_minutes                      bssCOMRAM    000050
_modes                        bssCOMRAM    000055
_modeschange                  bssBANK1     000176
_modeschange1                 text47       004362
_p1                           bssBANK1     00016E
_pad                          text22       0044CA
_prec                         bssCOMRAM    000042
_putch                        text25       004EAA
_read_adc_raw_no_lib          text31       004BD6
_read_adc_voltage             text30       0046CC
_read_prec_or_width           text7        00410A
_reloadTimer3                 text54       004E94
_seconds                      bssCOMRAM    000052
_setupPorts                   text29       004E6E
_sp                           bssBANK1     000166
_sprintf                      text1        0049A8
_stoa                         text5        003802
_strcpy                       text10       004C1A
_strlen                       text6        004AA6
_strncmp                      text4        00402C
_t                            bssBANK1     00016A
_temp                         bssBANK1     000172
_time                         bssCOMRAM    00004C
_timer                        bssCOMRAM    000044
_vfpfcnvrt                    text3        00236E
_vfpfcnvrt$1878               cstackBANK0  0000D7
_vfprintf                     text2        004A54
_voltage                      bssBANK1     0001C7
_width                        bssCOMRAM    000040
abs@a                         cstackCOMRAM 00002C
btemp                         temp         00005A
delay_cycles@n                cstackCOMRAM 000029
delay_cycles@x                cstackCOMRAM 00002A
delay_ms@n                    cstackCOMRAM 000026
delay_ms@x                    cstackCOMRAM 000028
dtoa@d                        cstackBANK0  00008F
dtoa@fp                       cstackBANK0  00008D
dtoa@i                        cstackBANK0  000098
dtoa@p                        cstackBANK0  000093
dtoa@s                        cstackBANK0  000097
dtoa@w                        cstackBANK0  000095
efgtoa@c                      cstackBANK0  0000CC
efgtoa@d                      cstackBANK1  00010B
efgtoa@e                      cstackBANK1  00010F
efgtoa@f                      cstackBANK0  0000C8
efgtoa@fp                     cstackBANK0  0000C6
efgtoa@g                      cstackBANK1  000122
efgtoa@h                      cstackBANK1  000119
efgtoa@i                      cstackBANK1  000117
efgtoa@l                      cstackBANK1  00011D
efgtoa@m                      cstackBANK1  00010D
efgtoa@mode                   cstackBANK1  000109
efgtoa@n                      cstackBANK1  000126
efgtoa@ne                     cstackBANK1  000100
efgtoa@nmode                  cstackBANK1  00010A
efgtoa@ou                     cstackBANK1  000113
efgtoa@p                      cstackBANK1  000102
efgtoa@pp                     cstackBANK1  000108
efgtoa@sign                   cstackBANK1  000121
efgtoa@t                      cstackBANK1  000104
efgtoa@u                      cstackBANK1  000128
efgtoa@w                      cstackBANK1  000111
end_of_initialization         cinit        0048C8
floorf@F526                   bssBANK0     0000F0
floorf@e                      cstackBANK0  0000C0
floorf@m                      cstackBANK0  0000BC
floorf@u                      cstackBANK0  0000C2
floorf@x                      cstackBANK0  0000B2
fputc@c                       cstackCOMRAM 000026
fputc@fp                      cstackCOMRAM 000028
fputs@c                       cstackBANK0  000080
fputs@fp                      cstackCOMRAM 000031
fputs@i                       cstackBANK0  000081
fputs@s                       cstackCOMRAM 00002F
i2___fldiv                    text53       002EEA
i2___fldiv@a                  cstackCOMRAM 000005
i2___fldiv@aexp               cstackCOMRAM 000019
i2___fldiv@b                  cstackCOMRAM 000001
i2___fldiv@bexp               cstackCOMRAM 000018
i2___fldiv@grs                cstackCOMRAM 000014
i2___fldiv@new_exp            cstackCOMRAM 000012
i2___fldiv@rem                cstackCOMRAM 00000D
i2___fldiv@sign               cstackCOMRAM 000011
i2___fleq                     text52       004622
i2___fleq@ff1                 cstackCOMRAM 000001
i2___fleq@ff2                 cstackCOMRAM 000005
i2___flge                     text51       003D44
i2___flge@ff1                 cstackCOMRAM 00001A
i2___flge@ff2                 cstackCOMRAM 00001E
i2___xxtofl                   text50       00364E
i2___xxtofl@arg               cstackCOMRAM 00000B
i2___xxtofl@exp               cstackCOMRAM 00000A
i2___xxtofl@sign              cstackCOMRAM 000009
i2___xxtofl@val               cstackCOMRAM 000001
i2_delay_ms                   text49       004D70
i2delay_ms@n                  cstackCOMRAM 000001
i2delay_ms@x                  cstackCOMRAM 000003
int$flags                     temp         00005A
int_func                      intcode_body 004DD2
intlevel0                     text         000000
intlevel1                     text         000000
intlevel2                     text         000000
intlevel3                     text         000000
isa$std                       (abs)        000001
isa$xinst                     (abs)        000000
labs@a                        cstackCOMRAM 000026
lcd_gotoxy@address            cstackBANK0  000081
lcd_gotoxy@x                  cstackBANK0  000080
lcd_gotoxy@y                  cstackCOMRAM 000030
lcd_init@i                    cstackCOMRAM 000030
lcd_putc@c                    cstackCOMRAM 000033
lcd_puts@s                    cstackBANK0  000084
lcd_send_byte@cm_data         cstackCOMRAM 00002F
lcd_send_byte@n               cstackCOMRAM 00002E
lcd_send_nibble@n             cstackCOMRAM 00002D
main@Buffer                   cstackBANK1  00013A
memcpy@d                      cstackCOMRAM 00002D
memcpy@d1                     cstackCOMRAM 000026
memcpy@n                      cstackCOMRAM 00002A
memcpy@s                      cstackCOMRAM 00002F
memcpy@s1                     cstackCOMRAM 000028
memcpy@tmp                    cstackCOMRAM 00002C
pad@buf                       cstackBANK0  000085
pad@fp                        cstackBANK0  000083
pad@i                         cstackBANK0  000089
pad@p                         cstackBANK0  000087
pad@w                         cstackBANK0  00008B
read_adc_raw_no_lib@channel   cstackCOMRAM 00002C
read_adc_raw_no_lib@raw_value cstackCOMRAM 00002A
read_adc_voltage@channel      cstackBANK0  0000BA
read_adc_voltage@raw_value    cstackBANK0  0000BB
read_adc_voltage@voltage      cstackBANK0  0000B6
read_prec_or_width@ap         cstackCOMRAM 00002E
read_prec_or_width@c          cstackBANK0  000080
read_prec_or_width@fmt        cstackCOMRAM 00002C
read_prec_or_width@n          cstackBANK0  000081
sprintf@ap                    cstackBANK1  00012C
sprintf@f                     cstackBANK1  00012E
sprintf@fmt                   cstackBANK0  0000EA
sprintf@s                     cstackBANK0  0000E8
stackhi                       (abs)        000000
stacklo                       (abs)        000000
start                         init         00000E
start_initialization          cinit        004864
stoa@F1179                    dataBANK1    0001CB
stoa@cp                       cstackBANK0  00008B
stoa@fp                       cstackCOMRAM 00002F
stoa@i                        cstackBANK0  000087
stoa@l                        cstackBANK0  00008F
stoa@nuls                     cstackBANK0  000080
stoa@p                        cstackBANK0  00008D
stoa@s                        cstackCOMRAM 000031
stoa@w                        cstackBANK0  000089
strcpy@d                      cstackCOMRAM 00002C
strcpy@dest                   cstackCOMRAM 000026
strcpy@s                      cstackCOMRAM 00002A
strcpy@src                    cstackCOMRAM 000028
strlen@a                      cstackCOMRAM 000028
strlen@s                      cstackCOMRAM 000026
strncmp@_l                    cstackCOMRAM 000026
strncmp@_r                    cstackCOMRAM 000028
strncmp@l                     cstackCOMRAM 00002D
strncmp@n                     cstackCOMRAM 00002A
strncmp@r                     cstackCOMRAM 00002F
ttemp5                        temp         00005B
ttemp6                        temp         00005E
ttemp7                        temp         000062
vfpfcnvrt@ap                  cstackBANK0  0000D3
vfpfcnvrt@c                   cstackBANK0  0000DD
vfpfcnvrt@convarg             cstackBANK0  0000D9
vfpfcnvrt@cp                  cstackBANK0  0000DE
vfpfcnvrt@fmt                 cstackBANK0  0000D1
vfpfcnvrt@fp                  cstackBANK0  0000CF
vfprintf@ap                   cstackBANK0  0000E4
vfprintf@cfmt                 cstackBANK0  0000E6
vfprintf@fmt                  cstackBANK0  0000E2
vfprintf@fp                   cstackBANK0  0000E0
wtemp8                        temp         00005B


MODULE INFORMATION

Module		Function		Class		Link	Load	Size
C:\Program Files\Microchip\xc8\v2.41\pic\sources\c99\common\__fpclassifyf.c
		___fpclassifyf 		CODE           	3E48	0000	254

C:\Program Files\Microchip\xc8\v2.41\pic\sources\c99\common\__fpclassifyf.c estimated size: 254

C:\Program Files\Microchip\xc8\v2.41\pic\sources\c99\common\awmod.c
		___awmod       		CODE           	441A	0000	176

C:\Program Files\Microchip\xc8\v2.41\pic\sources\c99\common\awmod.c estimated size: 176

C:\Program Files\Microchip\xc8\v2.41\pic\sources\c99\common\floorf.c
		_floorf        		CODE           	3284	0000	534

C:\Program Files\Microchip\xc8\v2.41\pic\sources\c99\common\floorf.c estimated size: 534

C:\Program Files\Microchip\xc8\v2.41\pic\sources\c99\common\flge.c
		___flge        		CODE           	3C3E	0000	262

C:\Program Files\Microchip\xc8\v2.41\pic\sources\c99\common\flge.c estimated size: 262

C:\Program Files\Microchip\xc8\v2.41\pic\sources\c99\common\fltol.c
		___fltol       		CODE           	3B38	0000	262

C:\Program Files\Microchip\xc8\v2.41\pic\sources\c99\common\fltol.c estimated size: 262

C:\Program Files\Microchip\xc8\v2.41\pic\sources\c99\common\xxtofl.c
		___xxtofl      		CODE           	349A	0000	436

C:\Program Files\Microchip\xc8\v2.41\pic\sources\c99\common\xxtofl.c estimated size: 436

C:\Program Files\Microchip\xc8\v2.41\pic\sources\c99\common\strlen.c
		_strlen        		CODE           	4AA6	0000	80

C:\Program Files\Microchip\xc8\v2.41\pic\sources\c99\common\strlen.c estimated size: 80

C:\Program Files\Microchip\xc8\v2.41\pic\sources\c99\common\nf_fputc.c
		_fputc         		CODE           	41D4	0000	202

C:\Program Files\Microchip\xc8\v2.41\pic\sources\c99\common\nf_fputc.c estimated size: 202

C:\Program Files\Microchip\xc8\v2.41\pic\sources\c99\common\strcpy.c
		_strcpy        		CODE           	4C1A	0000	64

C:\Program Files\Microchip\xc8\v2.41\pic\sources\c99\common\strcpy.c estimated size: 64

C:\Program Files\Microchip\xc8\v2.41\pic\sources\c99\common\nf_sprintf.c
		_sprintf       		CODE           	49A8	0000	88

C:\Program Files\Microchip\xc8\v2.41\pic\sources\c99\common\nf_sprintf.c estimated size: 88

my_adc.c
		_init_adc_no_lib		CODE           	4E88	0000	12
		_read_adc_raw_no_lib		CODE           	4BD6	0000	68
		_read_adc_voltage		CODE           	46CC	0000	154

my_adc.c estimated size: 234

C:\Program Files\Microchip\xc8\v2.41\pic\sources\c99\common\sprcadd.c
		___flsub       		CODE           	4B46	0000	72
		___fladd       		CODE           	1A80	0000	1218

C:\Program Files\Microchip\xc8\v2.41\pic\sources\c99\common\sprcadd.c estimated size: 1290

C:\Program Files\Microchip\xc8\v2.41\pic\sources\c99\common\awdiv.c
		___awdiv       		CODE           	429E	0000	196

C:\Program Files\Microchip\xc8\v2.41\pic\sources\c99\common\awdiv.c estimated size: 196

mainprojcet.c
		_modeschange1  		CODE           	4362	0000	184
		_initialization		CODE           	4DA2	0000	48
		_Timer3_int    		CODE           	3F46	0000	230
		_main          		CODE           	278C	0000	962
		_highIsr       		CODE           	0008	0000	54
		_reloadTimer3  		CODE           	4E94	0000	10
		_initTimers01  		CODE           	4E28	0000	36
		_setupPorts    		CODE           	4E6E	0000	26

mainprojcet.c estimated size: 1550

C:\Program Files\Microchip\xc8\v2.41\pic\sources\c99\common\abs.c
		_abs           		CODE           	4C5A	0000	64

C:\Program Files\Microchip\xc8\v2.41\pic\sources\c99\common\abs.c estimated size: 64

C:\Program Files\Microchip\xc8\v2.41\pic\sources\c99\common\doprnt.c
		_read_prec_or_width		CODE           	410A	0000	202
		_vfpfcnvrt     		CODE           	236E	0000	1054
		_efgtoa        		CODE           	104A	0000	2614
		_pad           		CODE           	44CA	0000	174
		_dtoa          		CODE           	399E	0000	410
		_vfprintf      		CODE           	4A54	0000	82
		_stoa          		CODE           	3802	0000	412

C:\Program Files\Microchip\xc8\v2.41\pic\sources\c99\common\doprnt.c estimated size: 4948

C:\Program Files\Microchip\xc8\v2.41\pic\sources\c99\common\flneg.c
		___flneg       		CODE           	4CD4	0000	56

C:\Program Files\Microchip\xc8\v2.41\pic\sources\c99\common\flneg.c estimated size: 56

C:\Program Files\Microchip\xc8\v2.41\pic\sources\c99\common\fleq.c
		___fleq        		CODE           	4578	0000	170

C:\Program Files\Microchip\xc8\v2.41\pic\sources\c99\common\fleq.c estimated size: 170

shared
		i2___fleq      		CODE           	4622	0000	170
		i2___fldiv     		CODE           	2EEA	0000	922
		__initialization		CODE           	4864	0000	100
		i2___flge      		CODE           	3D44	0000	260
		i2___xxtofl    		CODE           	364E	0000	436
		i2_delay_ms    		CODE           	4D70	0000	50

shared estimated size: 1938

C:\Program Files\Microchip\xc8\v2.41\pic\sources\c99\common\memcpy.c
		_memcpy        		CODE           	4AF6	0000	80

C:\Program Files\Microchip\xc8\v2.41\pic\sources\c99\common\memcpy.c estimated size: 80

C:\Program Files\Microchip\xc8\v2.41\pic\sources\c99\common\Umul16.c
		___wmul        		CODE           	4E02	0000	38

C:\Program Files\Microchip\xc8\v2.41\pic\sources\c99\common\Umul16.c estimated size: 38

C:\Program Files\Microchip\xc8\v2.41\pic\sources\c99\common\putch.c
		_putch         		CODE           	4EAA	0000	2

C:\Program Files\Microchip\xc8\v2.41\pic\sources\c99\common\putch.c estimated size: 2

C:\Program Files\Microchip\xc8\v2.41\pic\sources\c99\common\nf_fputs.c
		_fputs         		CODE           	4B8E	0000	72

C:\Program Files\Microchip\xc8\v2.41\pic\sources\c99\common\nf_fputs.c estimated size: 72

lcd_x8.c
		_lcd_putc      		CODE           	4766	0000	128
		_lcd_puts      		CODE           	4D0C	0000	50
		_lcd_send_byte 		CODE           	4A00	0000	84
		_lcd_gotoxy    		CODE           	47E6	0000	126
		_lcd_send_nibble		CODE           	4E4C	0000	34
		_delay_ms      		CODE           	4D3E	0000	50
		_lcd_init      		CODE           	48D6	0000	108
		_delay_cycles  		CODE           	4C9A	0000	58

lcd_x8.c estimated size: 638

C:\Program Files\Microchip\xc8\v2.41\pic\sources\c99\common\labs.c
		_labs          		CODE           	4942	0000	102

C:\Program Files\Microchip\xc8\v2.41\pic\sources\c99\common\labs.c estimated size: 102

C:\Program Files\Microchip\xc8\v2.41\pic\sources\c99\common\strncmp.c
		_strncmp       		CODE           	402C	0000	222

C:\Program Files\Microchip\xc8\v2.41\pic\sources\c99\common\strncmp.c estimated size: 222

C:\Program Files\Microchip\xc8\v2.41\pic\sources\c99\common\sprcmul.c
		___flmul       		CODE           	1F42	0000	1068

C:\Program Files\Microchip\xc8\v2.41\pic\sources\c99\common\sprcmul.c estimated size: 1068

C:\Program Files\Microchip\xc8\v2.41\pic\sources\c99\common\sprcdiv.c
		___fldiv       		CODE           	2B4E	0000	924

C:\Program Files\Microchip\xc8\v2.41\pic\sources\c99\common\sprcdiv.c estimated size: 924

